// Jest Snapshot v1, https://goo.gl/fbAQLP

exports[`SurbeyFirst 1`] = `
Array [
  <div>
    SurbeyFirst
  </div>,
  <button
    onClick={[Function]}
  >
    次へ
  </button>,
]
`;
